I'm sorry, but errors were detected in your script. Please correct the
errors listed below, and try again.


The label juliedialogue is defined twice, at
  File "game/script.rpy", line 794 and
  File "game/script.rpy", line 858.

Ren'Py Version: Ren'Py 6.99.14.3.3347
Sun May 13 01:28:56 2018
